// Jest Snapshot v1, https://goo.gl/fbAQLP

exports[`config/loading createConfigLoader should reject if the file cannot be imported 1`] = `[Error: Unable to read config file './myconfig.ts': No way]`;

exports[`config/loading createConfigLoader should reject if the file contents do not match the schema 1`] = `
[Error: Config from file './myconfig.ts' is malformed. Please fix the following errors:

Property 'good': Required]
`;

exports[`config/loading createConfigLoader should reject if the path is not a file 1`] = `[Error: Unable to read config file './myconfig.ts'. Check that the file exists and is readable to your terminal user]`;

exports[`config/loading createConfigLoader should reject if the path is not readable 1`] = `[Error: Unable to read config file './myconfig.ts'. Check that the file exists and is readable to your terminal user]`;

exports[`config/loading createConfigLoader should resolve if the file contents match the schema 1`] = `
{
  "good": "config",
}
`;
