// Jest Snapshot v1, https://goo.gl/fbAQLP

exports[`simulation/compose createEvmNodeServiceSpec() should work when there are no anvil options 1`] = `
"version: '3.9'
services:
  anvil:
    build:
      dockerfile: Dockerfile
      target: node-evm
    command:
      - anvil
"
`;
