// Jest Snapshot v1, https://goo.gl/fbAQLP

exports[`flows/config.load createConfigLoadFlow should reject if the file cannot be imported 1`] = `[Error: Unable to read config file './myconfig.ts': No way]`;

exports[`flows/config.load createConfigLoadFlow should reject if the path is not a file 1`] = `[Error: Unable to read config file './myconfig.ts'. Check that the file exists and is readable to your terminal user]`;

exports[`flows/config.load createConfigLoadFlow should reject if the path is not readable 1`] = `[Error: Unable to read config file './myconfig.ts'. Check that the file exists and is readable to your terminal user]`;

exports[`flows/config.load createConfigLoadFlow when config file exports a config should reject if the file contents do not match the schema 1`] = `
[Error: Config from file './myconfig.ts' is malformed. Please fix the following errors:

Property 'good': Required]
`;

exports[`flows/config.load createConfigLoadFlow when config file exports a config should resolve if the file contents match the schema 1`] = `
{
  "good": "config",
}
`;

exports[`flows/config.load createConfigLoadFlow when config file exports a function when it is a synchronous function should reject if the function returns an invalid config 1`] = `
[Error: Config from file './myconfig.ts' is malformed. Please fix the following errors:

Property 'good': Required]
`;

exports[`flows/config.load createConfigLoadFlow when config file exports a function when it is a synchronous function should reject if the function throws an error 1`] = `[Error: Got an exception while executing config funtion from file './myconfig.ts': Error: Oh not again]`;

exports[`flows/config.load createConfigLoadFlow when config file exports a function when it is an asynchronous function should reject if the function rejects 1`] = `[Error: Got an exception while executing config funtion from file './myconfig.ts': Error: Y u do dis]`;

exports[`flows/config.load createConfigLoadFlow when config file exports a function when it is an asynchronous function should reject if the function resolves with an invalid config 1`] = `
[Error: Config from file './myconfig.ts' is malformed. Please fix the following errors:

Property 'good': Required]
`;
