// Jest Snapshot v1, https://goo.gl/fbAQLP

exports[`events/parser child no arg event 1`] = `[]`;

exports[`events/parser parent no arg event 1`] = `
[
  LogDescription {
    "args": [],
    "eventFragment": EventFragment {
      "_isFragment": true,
      "anonymous": false,
      "constructor": [Function],
      "format": [Function],
      "inputs": [],
      "name": "NoArgEvent",
      "type": "event",
    },
    "name": "NoArgEvent",
    "signature": "NoArgEvent()",
    "topic": "0x3197be1a75187c2e6f7008c280fa99aaa7ba7043acbb46e7a180ed19d0069ec9",
  },
]
`;
