// Jest Snapshot v1, https://goo.gl/fbAQLP

exports[`filesystem/filesystem importDefault should not work with a non-JS compatible file 1`] = `[SyntaxError: Invalid or unexpected token]`;

exports[`filesystem/filesystem importDefault should not work with an empty JSON file 1`] = `[SyntaxError: Unexpected end of JSON input]`;

exports[`filesystem/filesystem importDefault should work with a JS/CJS file 1`] = `
{
  "i am": "an object",
}
`;

exports[`filesystem/filesystem importDefault should work with a JS/ESM file 1`] = `
{
  "i am": "an object",
}
`;

exports[`filesystem/filesystem importDefault should work with a JSON file 1`] = `
{
  "i am": "an object",
}
`;

exports[`filesystem/filesystem importDefault should work with a TS/CJS file 1`] = `
{
  "i am": "an object",
}
`;

exports[`filesystem/filesystem importDefault should work with an TS/ESM file 1`] = `
{
  "i am": "an object",
}
`;

exports[`filesystem/filesystem importDefault should work with an TS/ESM file without a default export 1`] = `
{
  "message": "i do not have a default export",
}
`;

exports[`filesystem/filesystem importDefault should work with an empty JS file 1`] = `{}`;
