// Jest Snapshot v1, https://goo.gl/fbAQLP

exports[`endpointv2/sdk setConfig should create multiple OmniTransactions when called with a lot of uln configs 1`] = `
[
  {
    "description": "Setting config for ULN 7a4WjyR8VZ7yZz5XJAKm39BUGn5iT9CKcv2pmG9tdXVH to [
	{
		"eid": 30101,
		"configType": 2,
		"config": {
			"confirmations": "32",
			"optionalDVNThreshold": 0,
			"requiredDVNs": [
				"4VDjp6XQaxoZf5RGwiPU9NR1EXSZn2TP4ATMmiSzLfhb",
				"GPjyWr8vCotGuFubDpTxDxy9Vj1ZeEN4F2dwRmFiaGab"
			],
			"optionalDVNs": [],
			"requiredDVNCount": 2,
			"optionalDVNCount": 0
		}
	},
	{
		"eid": 30101,
		"configType": 3,
		"config": {
			"confirmations": "32",
			"optionalDVNThreshold": 0,
			"requiredDVNs": [
				"4VDjp6XQaxoZf5RGwiPU9NR1EXSZn2TP4ATMmiSzLfhb",
				"GPjyWr8vCotGuFubDpTxDxy9Vj1ZeEN4F2dwRmFiaGab"
			],
			"optionalDVNs": [],
			"requiredDVNCount": 2,
			"optionalDVNCount": 0
		}
	},
	{
		"eid": 30101,
		"configType": 2,
		"config": {
			"confirmations": "32",
			"optionalDVNThreshold": 0,
			"requiredDVNs": [
				"4VDjp6XQaxoZf5RGwiPU9NR1EXSZn2TP4ATMmiSzLfhb",
				"GPjyWr8vCotGuFubDpTxDxy9Vj1ZeEN4F2dwRmFiaGab"
			],
			"optionalDVNs": [],
			"requiredDVNCount": 2,
			"optionalDVNCount": 0
		}
	}
]",
    "point": {
      "address": "76y77prsiCMvXMjuoZ5VRrhG5qYBrUMYTE5WgHqgjEn6",
      "eid": 30168,
    },
  },
  {
    "description": "Setting config for ULN 7a4WjyR8VZ7yZz5XJAKm39BUGn5iT9CKcv2pmG9tdXVH to [
	{
		"eid": 30101,
		"configType": 2,
		"config": {
			"confirmations": "32",
			"optionalDVNThreshold": 0,
			"requiredDVNs": [
				"4VDjp6XQaxoZf5RGwiPU9NR1EXSZn2TP4ATMmiSzLfhb",
				"GPjyWr8vCotGuFubDpTxDxy9Vj1ZeEN4F2dwRmFiaGab"
			],
			"optionalDVNs": [],
			"requiredDVNCount": 2,
			"optionalDVNCount": 0
		}
	},
	{
		"eid": 30101,
		"configType": 2,
		"config": {
			"confirmations": "32",
			"optionalDVNThreshold": 0,
			"requiredDVNs": [
				"4VDjp6XQaxoZf5RGwiPU9NR1EXSZn2TP4ATMmiSzLfhb",
				"GPjyWr8vCotGuFubDpTxDxy9Vj1ZeEN4F2dwRmFiaGab"
			],
			"optionalDVNs": [],
			"requiredDVNCount": 2,
			"optionalDVNCount": 0
		}
	},
	{
		"eid": 30101,
		"configType": 2,
		"config": {
			"confirmations": "32",
			"optionalDVNThreshold": 0,
			"requiredDVNs": [
				"4VDjp6XQaxoZf5RGwiPU9NR1EXSZn2TP4ATMmiSzLfhb",
				"GPjyWr8vCotGuFubDpTxDxy9Vj1ZeEN4F2dwRmFiaGab"
			],
			"optionalDVNs": [],
			"requiredDVNCount": 2,
			"optionalDVNCount": 0
		}
	}
]",
    "point": {
      "address": "76y77prsiCMvXMjuoZ5VRrhG5qYBrUMYTE5WgHqgjEn6",
      "eid": 30168,
    },
  },
  {
    "description": "Setting config for ULN 7a4WjyR8VZ7yZz5XJAKm39BUGn5iT9CKcv2pmG9tdXVH to [
	{
		"eid": 30101,
		"configType": 3,
		"config": {
			"confirmations": "32",
			"optionalDVNThreshold": 0,
			"requiredDVNs": [
				"4VDjp6XQaxoZf5RGwiPU9NR1EXSZn2TP4ATMmiSzLfhb",
				"GPjyWr8vCotGuFubDpTxDxy9Vj1ZeEN4F2dwRmFiaGab"
			],
			"optionalDVNs": [],
			"requiredDVNCount": 2,
			"optionalDVNCount": 0
		}
	},
	{
		"eid": 30101,
		"configType": 2,
		"config": {
			"confirmations": "32",
			"optionalDVNThreshold": 0,
			"requiredDVNs": [
				"4VDjp6XQaxoZf5RGwiPU9NR1EXSZn2TP4ATMmiSzLfhb",
				"GPjyWr8vCotGuFubDpTxDxy9Vj1ZeEN4F2dwRmFiaGab"
			],
			"optionalDVNs": [],
			"requiredDVNCount": 2,
			"optionalDVNCount": 0
		}
	},
	{
		"eid": 30101,
		"configType": 3,
		"config": {
			"confirmations": "32",
			"optionalDVNThreshold": 0,
			"requiredDVNs": [
				"4VDjp6XQaxoZf5RGwiPU9NR1EXSZn2TP4ATMmiSzLfhb",
				"GPjyWr8vCotGuFubDpTxDxy9Vj1ZeEN4F2dwRmFiaGab"
			],
			"optionalDVNs": [],
			"requiredDVNCount": 2,
			"optionalDVNCount": 0
		}
	}
]",
    "point": {
      "address": "76y77prsiCMvXMjuoZ5VRrhG5qYBrUMYTE5WgHqgjEn6",
      "eid": 30168,
    },
  },
  {
    "description": "Setting config for ULN 7a4WjyR8VZ7yZz5XJAKm39BUGn5iT9CKcv2pmG9tdXVH to [
	{
		"eid": 30101,
		"configType": 2,
		"config": {
			"confirmations": "32",
			"optionalDVNThreshold": 0,
			"requiredDVNs": [
				"4VDjp6XQaxoZf5RGwiPU9NR1EXSZn2TP4ATMmiSzLfhb",
				"GPjyWr8vCotGuFubDpTxDxy9Vj1ZeEN4F2dwRmFiaGab"
			],
			"optionalDVNs": [],
			"requiredDVNCount": 2,
			"optionalDVNCount": 0
		}
	},
	{
		"eid": 30101,
		"configType": 3,
		"config": {
			"confirmations": "32",
			"optionalDVNThreshold": 0,
			"requiredDVNs": [
				"4VDjp6XQaxoZf5RGwiPU9NR1EXSZn2TP4ATMmiSzLfhb",
				"GPjyWr8vCotGuFubDpTxDxy9Vj1ZeEN4F2dwRmFiaGab"
			],
			"optionalDVNs": [],
			"requiredDVNCount": 2,
			"optionalDVNCount": 0
		}
	},
	{
		"eid": 30101,
		"configType": 2,
		"config": {
			"confirmations": "32",
			"optionalDVNThreshold": 0,
			"requiredDVNs": [
				"4VDjp6XQaxoZf5RGwiPU9NR1EXSZn2TP4ATMmiSzLfhb",
				"GPjyWr8vCotGuFubDpTxDxy9Vj1ZeEN4F2dwRmFiaGab"
			],
			"optionalDVNs": [],
			"requiredDVNCount": 2,
			"optionalDVNCount": 0
		}
	}
]",
    "point": {
      "address": "76y77prsiCMvXMjuoZ5VRrhG5qYBrUMYTE5WgHqgjEn6",
      "eid": 30168,
    },
  },
  {
    "description": "Setting config for ULN 7a4WjyR8VZ7yZz5XJAKm39BUGn5iT9CKcv2pmG9tdXVH to [
	{
		"eid": 30101,
		"configType": 3,
		"config": {
			"confirmations": "32",
			"optionalDVNThreshold": 0,
			"requiredDVNs": [
				"4VDjp6XQaxoZf5RGwiPU9NR1EXSZn2TP4ATMmiSzLfhb",
				"GPjyWr8vCotGuFubDpTxDxy9Vj1ZeEN4F2dwRmFiaGab"
			],
			"optionalDVNs": [],
			"requiredDVNCount": 2,
			"optionalDVNCount": 0
		}
	},
	{
		"eid": 30101,
		"configType": 2,
		"config": {
			"confirmations": "32",
			"optionalDVNThreshold": 0,
			"requiredDVNs": [
				"4VDjp6XQaxoZf5RGwiPU9NR1EXSZn2TP4ATMmiSzLfhb",
				"GPjyWr8vCotGuFubDpTxDxy9Vj1ZeEN4F2dwRmFiaGab"
			],
			"optionalDVNs": [],
			"requiredDVNCount": 2,
			"optionalDVNCount": 0
		}
	},
	{
		"eid": 30101,
		"configType": 2,
		"config": {
			"confirmations": "32",
			"optionalDVNThreshold": 0,
			"requiredDVNs": [
				"4VDjp6XQaxoZf5RGwiPU9NR1EXSZn2TP4ATMmiSzLfhb",
				"GPjyWr8vCotGuFubDpTxDxy9Vj1ZeEN4F2dwRmFiaGab"
			],
			"optionalDVNs": [],
			"requiredDVNCount": 2,
			"optionalDVNCount": 0
		}
	}
]",
    "point": {
      "address": "76y77prsiCMvXMjuoZ5VRrhG5qYBrUMYTE5WgHqgjEn6",
      "eid": 30168,
    },
  },
  {
    "description": "Setting config for ULN 7a4WjyR8VZ7yZz5XJAKm39BUGn5iT9CKcv2pmG9tdXVH to [
	{
		"eid": 30101,
		"configType": 2,
		"config": {
			"confirmations": "32",
			"optionalDVNThreshold": 0,
			"requiredDVNs": [
				"4VDjp6XQaxoZf5RGwiPU9NR1EXSZn2TP4ATMmiSzLfhb",
				"GPjyWr8vCotGuFubDpTxDxy9Vj1ZeEN4F2dwRmFiaGab"
			],
			"optionalDVNs": [],
			"requiredDVNCount": 2,
			"optionalDVNCount": 0
		}
	},
	{
		"eid": 30101,
		"configType": 2,
		"config": {
			"confirmations": "32",
			"optionalDVNThreshold": 0,
			"requiredDVNs": [
				"4VDjp6XQaxoZf5RGwiPU9NR1EXSZn2TP4ATMmiSzLfhb",
				"GPjyWr8vCotGuFubDpTxDxy9Vj1ZeEN4F2dwRmFiaGab"
			],
			"optionalDVNs": [],
			"requiredDVNCount": 2,
			"optionalDVNCount": 0
		}
	},
	{
		"eid": 30101,
		"configType": 3,
		"config": {
			"confirmations": "32",
			"optionalDVNThreshold": 0,
			"requiredDVNs": [
				"4VDjp6XQaxoZf5RGwiPU9NR1EXSZn2TP4ATMmiSzLfhb",
				"GPjyWr8vCotGuFubDpTxDxy9Vj1ZeEN4F2dwRmFiaGab"
			],
			"optionalDVNs": [],
			"requiredDVNCount": 2,
			"optionalDVNCount": 0
		}
	}
]",
    "point": {
      "address": "76y77prsiCMvXMjuoZ5VRrhG5qYBrUMYTE5WgHqgjEn6",
      "eid": 30168,
    },
  },
  {
    "description": "Setting config for ULN 7a4WjyR8VZ7yZz5XJAKm39BUGn5iT9CKcv2pmG9tdXVH to [
	{
		"eid": 30101,
		"configType": 2,
		"config": {
			"confirmations": "32",
			"optionalDVNThreshold": 0,
			"requiredDVNs": [
				"4VDjp6XQaxoZf5RGwiPU9NR1EXSZn2TP4ATMmiSzLfhb",
				"GPjyWr8vCotGuFubDpTxDxy9Vj1ZeEN4F2dwRmFiaGab"
			],
			"optionalDVNs": [],
			"requiredDVNCount": 2,
			"optionalDVNCount": 0
		}
	},
	{
		"eid": 30101,
		"configType": 3,
		"config": {
			"confirmations": "32",
			"optionalDVNThreshold": 0,
			"requiredDVNs": [
				"4VDjp6XQaxoZf5RGwiPU9NR1EXSZn2TP4ATMmiSzLfhb",
				"GPjyWr8vCotGuFubDpTxDxy9Vj1ZeEN4F2dwRmFiaGab"
			],
			"optionalDVNs": [],
			"requiredDVNCount": 2,
			"optionalDVNCount": 0
		}
	},
	{
		"eid": 30101,
		"configType": 2,
		"config": {
			"confirmations": "32",
			"optionalDVNThreshold": 0,
			"requiredDVNs": [
				"4VDjp6XQaxoZf5RGwiPU9NR1EXSZn2TP4ATMmiSzLfhb",
				"GPjyWr8vCotGuFubDpTxDxy9Vj1ZeEN4F2dwRmFiaGab"
			],
			"optionalDVNs": [],
			"requiredDVNCount": 2,
			"optionalDVNCount": 0
		}
	}
]",
    "point": {
      "address": "76y77prsiCMvXMjuoZ5VRrhG5qYBrUMYTE5WgHqgjEn6",
      "eid": 30168,
    },
  },
  {
    "description": "Setting config for ULN 7a4WjyR8VZ7yZz5XJAKm39BUGn5iT9CKcv2pmG9tdXVH to [
	{
		"eid": 30101,
		"configType": 3,
		"config": {
			"confirmations": "32",
			"optionalDVNThreshold": 0,
			"requiredDVNs": [
				"4VDjp6XQaxoZf5RGwiPU9NR1EXSZn2TP4ATMmiSzLfhb",
				"GPjyWr8vCotGuFubDpTxDxy9Vj1ZeEN4F2dwRmFiaGab"
			],
			"optionalDVNs": [],
			"requiredDVNCount": 2,
			"optionalDVNCount": 0
		}
	}
]",
    "point": {
      "address": "76y77prsiCMvXMjuoZ5VRrhG5qYBrUMYTE5WgHqgjEn6",
      "eid": 30168,
    },
  },
]
`;
