// Jest Snapshot v1, https://goo.gl/fbAQLP

exports[`uln302/sdk encodeExecutorConfig should encode and decode the Uln302ExecutorConfig 1`] = `"0x00000000000000000000000000000000000000000000000000000000000000640000000000000000000000000000000000000000000000000000000000000000"`;

exports[`uln302/sdk encodeUlnConfig should encode and decode the Uln302UlnConfig 1`] = `"0x0000000000000000000000000000000000000000000000000000000000000020000000000000000000000000000000000000000000000000000000000000006400000000000000000000000000000000000000000000000000000000000000010000000000000000000000000000000000000000000000000000000000000002000000000000000000000000000000000000000000000000000000000000000100000000000000000000000000000000000000000000000000000000000000c0000000000000000000000000000000000000000000000000000000000000010000000000000000000000000000000000000000000000000000000000000000010000000000000000000000000000000000000000000000000000000000000000000000000000000000000000000000000000000000000000000000000000000200000000000000000000000000000000000000000000000000000000000000000000000000000000000000000000000000000000000000000000000000000000"`;
