// Jest Snapshot v1, https://goo.gl/fbAQLP

exports[`task/oapp/wire with invalid configs should fail if the config file does not exist 1`] = `[Error: Unable to read config file '/app/tests/ua-devtools-evm-hardhat-test/does-not-exist.js'. Check that the file exists and is readable to your terminal user]`;

exports[`task/oapp/wire with invalid configs should fail if the config file is not a file 1`] = `[Error: Unable to read config file '/app/tests/ua-devtools-evm-hardhat-test/test/task/oapp'. Check that the file exists and is readable to your terminal user]`;

exports[`task/oapp/wire with invalid configs should fail if the config file is not a valid JSON or JS file 1`] = `[Error: Unable to read config file '/app/tests/ua-devtools-evm-hardhat-test/README.md': SyntaxError: Unexpected token '<']`;

exports[`task/oapp/wire with invalid configs should fail with a malformed JS file (001) 1`] = `
[Error: Config from file '/app/tests/ua-devtools-evm-hardhat-test/test/task/oapp/__data__/configs/invalid.config.001.js' is malformed. Please fix the following errors:

Property 'contracts.0.contract': Invalid input
Property 'contracts.1.contract': Invalid input
Property 'connections': Required]
`;

exports[`task/oapp/wire with invalid configs should fail with a misconfigured file (001) 1`] = `[Error: Config from file '/app/tests/ua-devtools-evm-hardhat-test/test/task/oapp/__data__/configs/valid.config.misconfigured.001.js' is invalid: AssertionError [ERR_ASSERTION]: Could not find a deployment for contract 'NonExistent']`;

exports[`task/oapp/wire with invalid configs should fail with an empty JS file 1`] = `
[Error: Config from file '/app/tests/ua-devtools-evm-hardhat-test/test/task/oapp/__data__/configs/invalid.config.empty.js' is malformed. Please fix the following errors:

Property 'contracts': Required
Property 'connections': Required]
`;

exports[`task/oapp/wire with invalid configs should fail with an empty JSON file 1`] = `[Error: Unable to read config file '/app/tests/ua-devtools-evm-hardhat-test/test/task/oapp/__data__/configs/invalid.config.empty.json': SyntaxError: Unexpected end of JSON input]`;
